// Vitest Snapshot v1, https://vitest.dev/guide/snapshot.html

exports[`Form + Input > show error message if form is invalid 1`] = `
<div>
  <form>
    <div
      class="grid gap-2"
      data-slot="form-item"
    >
      <label
        class="flex items-center gap-2 text-sm leading-none font-medium select-none group-data-[disabled=true]:pointer-events-none group-data-[disabled=true]:opacity-50 peer-disabled:cursor-not-allowed peer-disabled:opacity-50 data-[error=true]:text-destructive"
        data-error="true"
        data-slot="form-label"
        for="«r6»-form-item"
      >
        First Name
      </label>
      <input
        aria-describedby="«r6»-form-item-description «r6»-form-item-message"
        aria-invalid="true"
        class="file:text-foreground placeholder:text-muted-foreground selection:bg-primary selection:text-primary-foreground dark:bg-input/30 border-input flex h-9 w-full min-w-0 rounded-md border bg-transparent px-3 py-1 text-base shadow-xs transition-[color,box-shadow] outline-none file:inline-flex file:h-7 file:border-0 file:bg-transparent file:text-sm file:font-medium disabled:pointer-events-none disabled:cursor-not-allowed disabled:opacity-50 md:text-sm focus-visible:border-ring focus-visible:ring-ring/50 focus-visible:ring-[3px] aria-invalid:ring-destructive/20 dark:aria-invalid:ring-destructive/40 aria-invalid:border-destructive"
        data-slot="form-control"
        id="«r6»-form-item"
        label="First Name"
        name="firstName"
        value="J"
      />
      <p
        class="text-muted-foreground text-sm"
        data-slot="form-description"
        id="«r6»-form-item-description"
      />
      <p
        class="text-destructive text-sm"
        data-slot="form-message"
        id="«r6»-form-item-message"
      >
        firstName must be at least 3 characters
      </p>
    </div>
    <div
      class="grid gap-2"
      data-slot="form-item"
    >
      <label
        class="flex items-center gap-2 text-sm leading-none font-medium select-none group-data-[disabled=true]:pointer-events-none group-data-[disabled=true]:opacity-50 peer-disabled:cursor-not-allowed peer-disabled:opacity-50 data-[error=true]:text-destructive"
        data-error="true"
        data-slot="form-label"
        for="«r7»-form-item"
      >
        Last Name
      </label>
      <input
        aria-describedby="«r7»-form-item-description «r7»-form-item-message"
        aria-invalid="true"
        class="file:text-foreground placeholder:text-muted-foreground selection:bg-primary selection:text-primary-foreground dark:bg-input/30 border-input flex h-9 w-full min-w-0 rounded-md border bg-transparent px-3 py-1 text-base shadow-xs transition-[color,box-shadow] outline-none file:inline-flex file:h-7 file:border-0 file:bg-transparent file:text-sm file:font-medium disabled:pointer-events-none disabled:cursor-not-allowed disabled:opacity-50 md:text-sm focus-visible:border-ring focus-visible:ring-ring/50 focus-visible:ring-[3px] aria-invalid:ring-destructive/20 dark:aria-invalid:ring-destructive/40 aria-invalid:border-destructive"
        data-slot="form-control"
        id="«r7»-form-item"
        label="Last Name"
        name="lastName"
        value="D"
      />
      <p
        class="text-muted-foreground text-sm"
        data-slot="form-description"
        id="«r7»-form-item-description"
      />
      <p
        class="text-destructive text-sm"
        data-slot="form-message"
        id="«r7»-form-item-message"
      >
        lastName must be at least 3 characters
      </p>
    </div>
    <button
      type="submit"
    >
      Submit
    </button>
  </form>
</div>
`;
